V3 15
FL C:/Users/mresm/Desktop/faks/letnik3/dn/vgaController/hsync.vhd 2019/12/16.14:09:51 P.20131013
EN work/hsync 1576502717 \
      FL C:/Users/mresm/Desktop/faks/letnik3/dn/vgaController/hsync.vhd \
      PB ieee/std_logic_1164 1381692176 PB ieee/std_logic_arith 1381692177 \
      PB ieee/STD_LOGIC_UNSIGNED 1381692179
AR work/hsync/Behavioral 1576502718 \
      FL C:/Users/mresm/Desktop/faks/letnik3/dn/vgaController/hsync.vhd \
      EN work/hsync 1576502717
FL C:/Users/mresm/Desktop/faks/letnik3/dn/vgaController/mem.vhd 2019/12/02.13:37:51 P.20131013
EN work/mem 1576502721 \
      FL C:/Users/mresm/Desktop/faks/letnik3/dn/vgaController/mem.vhd \
      PB ieee/std_logic_1164 1381692176 PB ieee/STD_LOGIC_UNSIGNED 1381692179
AR work/mem/Behavioral 1576502722 \
      FL C:/Users/mresm/Desktop/faks/letnik3/dn/vgaController/mem.vhd EN work/mem 1576502721
FL C:/Users/mresm/Desktop/faks/letnik3/dn/vgaController/topModule.vhd 2019/12/16.14:16:44 P.20131013
EN work/topModule 1576502723 \
      FL C:/Users/mresm/Desktop/faks/letnik3/dn/vgaController/topModule.vhd \
      PB ieee/std_logic_1164 1381692176 PB ieee/std_logic_arith 1381692177 \
      PB ieee/STD_LOGIC_UNSIGNED 1381692179
AR work/topModule/Behavioral 1576502724 \
      FL C:/Users/mresm/Desktop/faks/letnik3/dn/vgaController/topModule.vhd \
      EN work/topModule 1576502723 CP hsync CP vsync CP mem
FL C:/Users/mresm/Desktop/faks/letnik3/dn/vgaController/vsync.vhd 2019/11/19.12:34:53 P.20131013
EN work/vsync 1576502719 \
      FL C:/Users/mresm/Desktop/faks/letnik3/dn/vgaController/vsync.vhd \
      PB ieee/std_logic_1164 1381692176 PB ieee/std_logic_arith 1381692177 \
      PB ieee/STD_LOGIC_UNSIGNED 1381692179
AR work/vsync/Behavioral 1576502720 \
      FL C:/Users/mresm/Desktop/faks/letnik3/dn/vgaController/vsync.vhd \
      EN work/vsync 1576502719
